error TS6053: File 'WebApp/project-app/frontend/components/stockOpname/InputStockOpname.tsx' not found.
  The file is in the program because:
    Root file specified for compilation
error TS6231: Could not resolve the path 'd:/Project' with the extensions: '.ts', '.tsx', '.d.ts', '.cts', '.d.cts', '.mts', '.d.mts'.
  The file is in the program because:
    Root file specified for compilation
